../Drivers/CMSIS/Include/core_cm4.h:1688:22:__NVIC_EnableIRQ	16	static
../Drivers/CMSIS/Include/core_cm4.h:1777:22:__NVIC_ClearPendingIRQ	16	static
../Drivers/CMSIS/Include/core_cm4.h:1816:22:__NVIC_SetPriority	16	static
../Core/Src/timers.c:7:6:enable_clocks	4	static
../Core/Src/timers.c:15:6:initialise_board	16	static
../Core/Src/timers.c:22:6:enable_interrupts	8	static,ignoring_inline_asm
../Core/Src/timers.c:50:6:start_timer	4	static
../Core/Src/timers.c:61:6:TIM2_IRQHandler	8	static
../Core/Src/timers.c:71:6:TIM3_IRQHandler	8	static
../Core/Src/timers.c:81:5:get_game_time	4	static
../Core/Src/timers.c:85:6:game_timer	16	static
../Core/Src/timers.c:100:6:multi_timer	16	static
