Archive member included to satisfy reference by file (symbol)

C:/ST/STM32CubeIDE_1.14.1/STM32CubeIDE/plugins/com.st.stm32cube.ide.mcu.externaltools.gnu-tools-for-stm32.11.3.rel1.win32_1.1.100.202309141235/tools/bin/../lib/gcc/arm-none-eabi/11.3.1/../../../../arm-none-eabi/lib/thumb/v7e-m+fp/hard\libc_nano.a(libc_a-exit.o)
                              C:/ST/STM32CubeIDE_1.14.1/STM32CubeIDE/plugins/com.st.stm32cube.ide.mcu.externaltools.gnu-tools-for-stm32.11.3.rel1.win32_1.1.100.202309141235/tools/bin/../lib/gcc/arm-none-eabi/11.3.1/../../../../arm-none-eabi/lib/thumb/v7e-m+fp/hard/crt0.o (exit)
C:/ST/STM32CubeIDE_1.14.1/STM32CubeIDE/plugins/com.st.stm32cube.ide.mcu.externaltools.gnu-tools-for-stm32.11.3.rel1.win32_1.1.100.202309141235/tools/bin/../lib/gcc/arm-none-eabi/11.3.1/../../../../arm-none-eabi/lib/thumb/v7e-m+fp/hard\libc_nano.a(libc_a-findfp.o)
                              C:/ST/STM32CubeIDE_1.14.1/STM32CubeIDE/plugins/com.st.stm32cube.ide.mcu.externaltools.gnu-tools-for-stm32.11.3.rel1.win32_1.1.100.202309141235/tools/bin/../lib/gcc/arm-none-eabi/11.3.1/../../../../arm-none-eabi/lib/thumb/v7e-m+fp/hard\libc_nano.a(libc_a-exit.o) (__stdio_exit_handler)
C:/ST/STM32CubeIDE_1.14.1/STM32CubeIDE/plugins/com.st.stm32cube.ide.mcu.externaltools.gnu-tools-for-stm32.11.3.rel1.win32_1.1.100.202309141235/tools/bin/../lib/gcc/arm-none-eabi/11.3.1/../../../../arm-none-eabi/lib/thumb/v7e-m+fp/hard\libc_nano.a(libc_a-fwalk.o)
                              C:/ST/STM32CubeIDE_1.14.1/STM32CubeIDE/plugins/com.st.stm32cube.ide.mcu.externaltools.gnu-tools-for-stm32.11.3.rel1.win32_1.1.100.202309141235/tools/bin/../lib/gcc/arm-none-eabi/11.3.1/../../../../arm-none-eabi/lib/thumb/v7e-m+fp/hard\libc_nano.a(libc_a-findfp.o) (_fwalk_sglue)
C:/ST/STM32CubeIDE_1.14.1/STM32CubeIDE/plugins/com.st.stm32cube.ide.mcu.externaltools.gnu-tools-for-stm32.11.3.rel1.win32_1.1.100.202309141235/tools/bin/../lib/gcc/arm-none-eabi/11.3.1/../../../../arm-none-eabi/lib/thumb/v7e-m+fp/hard\libc_nano.a(libc_a-stdio.o)
                              C:/ST/STM32CubeIDE_1.14.1/STM32CubeIDE/plugins/com.st.stm32cube.ide.mcu.externaltools.gnu-tools-for-stm32.11.3.rel1.win32_1.1.100.202309141235/tools/bin/../lib/gcc/arm-none-eabi/11.3.1/../../../../arm-none-eabi/lib/thumb/v7e-m+fp/hard\libc_nano.a(libc_a-findfp.o) (__sread)
C:/ST/STM32CubeIDE_1.14.1/STM32CubeIDE/plugins/com.st.stm32cube.ide.mcu.externaltools.gnu-tools-for-stm32.11.3.rel1.win32_1.1.100.202309141235/tools/bin/../lib/gcc/arm-none-eabi/11.3.1/../../../../arm-none-eabi/lib/thumb/v7e-m+fp/hard\libc_nano.a(libc_a-memset.o)
                              C:/ST/STM32CubeIDE_1.14.1/STM32CubeIDE/plugins/com.st.stm32cube.ide.mcu.externaltools.gnu-tools-for-stm32.11.3.rel1.win32_1.1.100.202309141235/tools/bin/../lib/gcc/arm-none-eabi/11.3.1/../../../../arm-none-eabi/lib/thumb/v7e-m+fp/hard/crt0.o (memset)
C:/ST/STM32CubeIDE_1.14.1/STM32CubeIDE/plugins/com.st.stm32cube.ide.mcu.externaltools.gnu-tools-for-stm32.11.3.rel1.win32_1.1.100.202309141235/tools/bin/../lib/gcc/arm-none-eabi/11.3.1/../../../../arm-none-eabi/lib/thumb/v7e-m+fp/hard\libc_nano.a(libc_a-closer.o)
                              C:/ST/STM32CubeIDE_1.14.1/STM32CubeIDE/plugins/com.st.stm32cube.ide.mcu.externaltools.gnu-tools-for-stm32.11.3.rel1.win32_1.1.100.202309141235/tools/bin/../lib/gcc/arm-none-eabi/11.3.1/../../../../arm-none-eabi/lib/thumb/v7e-m+fp/hard\libc_nano.a(libc_a-stdio.o) (_close_r)
C:/ST/STM32CubeIDE_1.14.1/STM32CubeIDE/plugins/com.st.stm32cube.ide.mcu.externaltools.gnu-tools-for-stm32.11.3.rel1.win32_1.1.100.202309141235/tools/bin/../lib/gcc/arm-none-eabi/11.3.1/../../../../arm-none-eabi/lib/thumb/v7e-m+fp/hard\libc_nano.a(libc_a-reent.o)
                              C:/ST/STM32CubeIDE_1.14.1/STM32CubeIDE/plugins/com.st.stm32cube.ide.mcu.externaltools.gnu-tools-for-stm32.11.3.rel1.win32_1.1.100.202309141235/tools/bin/../lib/gcc/arm-none-eabi/11.3.1/../../../../arm-none-eabi/lib/thumb/v7e-m+fp/hard\libc_nano.a(libc_a-closer.o) (errno)
C:/ST/STM32CubeIDE_1.14.1/STM32CubeIDE/plugins/com.st.stm32cube.ide.mcu.externaltools.gnu-tools-for-stm32.11.3.rel1.win32_1.1.100.202309141235/tools/bin/../lib/gcc/arm-none-eabi/11.3.1/../../../../arm-none-eabi/lib/thumb/v7e-m+fp/hard\libc_nano.a(libc_a-impure.o)
                              C:/ST/STM32CubeIDE_1.14.1/STM32CubeIDE/plugins/com.st.stm32cube.ide.mcu.externaltools.gnu-tools-for-stm32.11.3.rel1.win32_1.1.100.202309141235/tools/bin/../lib/gcc/arm-none-eabi/11.3.1/../../../../arm-none-eabi/lib/thumb/v7e-m+fp/hard\libc_nano.a(libc_a-reent.o) (_impure_ptr)
C:/ST/STM32CubeIDE_1.14.1/STM32CubeIDE/plugins/com.st.stm32cube.ide.mcu.externaltools.gnu-tools-for-stm32.11.3.rel1.win32_1.1.100.202309141235/tools/bin/../lib/gcc/arm-none-eabi/11.3.1/../../../../arm-none-eabi/lib/thumb/v7e-m+fp/hard\libc_nano.a(libc_a-lseekr.o)
[...]
Memory Configuration

Name             Origin             Length             Attributes
CCMRAM           0x0000000010000000 0x0000000000002000 xrw
RAM              0x0000000020000000 0x000000000000a000 xrw
FLASH            0x0000000008000000 0x0000000000040000 xr
*default*        0x0000000000000000 0xffffffffffffffff

Linker script and memory map

LOAD C:/ST/STM32CubeIDE_1.14.1/STM32CubeIDE/plugins/com.st.stm32cube.ide.mcu.externaltools.gnu-tools-for-stm32.11.3.rel1.win32_1.1.100.202309141235/tools/bin/../lib/gcc/arm-none-eabi/11.3.1/thumb/v7e-m+fp/hard/crti.o
LOAD C:/ST/STM32CubeIDE_1.14.1/STM32CubeIDE/plugins/com.st.stm32cube.ide.mcu.externaltools.gnu-tools-for-stm32.11.3.rel1.win32_1.1.100.202309141235/tools/bin/../lib/gcc/arm-none-eabi/11.3.1/thumb/v7e-m+fp/hard/crtbegin.o
LOAD C:/ST/STM32CubeIDE_1.14.1/STM32CubeIDE/plugins/com.st.stm32cube.ide.mcu.externaltools.gnu-tools-for-stm32.11.3.rel1.win32_1.1.100.202309141235/tools/bin/../lib/gcc/arm-none-eabi/11.3.1/../../../../arm-none-eabi/lib/thumb/v7e-m+fp/hard/crt0.o
LOAD ./Core/Src/main.o
LOAD ./Core/Src/sensors.o
LOAD ./Core/Src/stm32f3xx_hal_msp.o
LOAD ./Core/Src/stm32f3xx_it.o
LOAD ./Core/Src/syscalls.o
LOAD ./Core/Src/sysmem.o
LOAD ./Core/Src/system_stm32f3xx.o
LOAD ./Core/Src/timers.o
LOAD ./Core/Startup/startup_stm32f303vctx.o
LOAD ./Drivers/STM32F3xx_HAL_Driver/Src/stm32f3xx_hal.o
LOAD ./Drivers/STM32F3xx_HAL_Driver/Src/stm32f3xx_hal_cortex.o
LOAD ./Drivers/STM32F3xx_HAL_Driver/Src/stm32f3xx_hal_dma.o
LOAD ./Drivers/STM32F3xx_HAL_Driver/Src/stm32f3xx_hal_exti.o
LOAD ./Drivers/STM32F3xx_HAL_Driver/Src/stm32f3xx_hal_flash.o
LOAD ./Drivers/STM32F3xx_HAL_Driver/Src/stm32f3xx_hal_flash_ex.o
LOAD ./Drivers/STM32F3xx_HAL_Driver/Src/stm32f3xx_hal_gpio.o
LOAD ./Drivers/STM32F3xx_HAL_Driver/Src/stm32f3xx_hal_i2c.o
LOAD ./Drivers/STM32F3xx_HAL_Driver/Src/stm32f3xx_hal_i2c_ex.o
LOAD ./Drivers/STM32F3xx_HAL_Driver/Src/stm32f3xx_hal_pwr.o
LOAD ./Drivers/STM32F3xx_HAL_Driver/Src/stm32f3xx_hal_pwr_ex.o
LOAD ./Drivers/STM32F3xx_HAL_Driver/Src/stm32f3xx_hal_rcc.o
LOAD ./Drivers/STM32F3xx_HAL_Driver/Src/stm32f3xx_hal_rcc_ex.o
START GROUP
LOAD C:/ST/STM32CubeIDE_1.14.1/STM32CubeIDE/plugins/com.st.stm32cube.ide.mcu.externaltools.gnu-tools-for-stm32.11.3.rel1.win32_1.1.100.202309141235/tools/bin/../lib/gcc/arm-none-eabi/11.3.1/../../../../arm-none-eabi/lib/thumb/v7e-m+fp/hard\libc_nano.a
LOAD C:/ST/STM32CubeIDE_1.14.1/STM32CubeIDE/plugins/com.st.stm32cube.ide.mcu.externaltools.gnu-tools-for-stm32.11.3.rel1.win32_1.1.100.202309141235/tools/bin/../lib/gcc/arm-none-eabi/11.3.1/../../../../arm-none-eabi/lib/thumb/v7e-m+fp/hard\libm.a
END GROUP
START GROUP
LOAD C:/ST/STM32CubeIDE_1.14.1/STM32CubeIDE/plugins/com.st.stm32cube.ide.mcu.externaltools.gnu-tools-for-stm32.11.3.rel1.win32_1.1.100.202309141235/tools/bin/../lib/gcc/arm-none-eabi/11.3.1/thumb/v7e-m+fp/hard\libgcc.a
LOAD C:/ST/STM32CubeIDE_1.14.1/STM32CubeIDE/plugins/com.st.stm32cube.ide.mcu.externaltools.gnu-tools-for-stm32.11.3.rel1.win32_1.1.100.202309141235/tools/bin/../lib/gcc/arm-none-eabi/11.3.1/../../../../arm-none-eabi/lib/thumb/v7e-m+fp/hard\libc_nano.a
END GROUP
START GROUP
LOAD C:/ST/STM32CubeIDE_1.14.1/STM32CubeIDE/plugins/com.st.stm32cube.ide.mcu.externaltools.gnu-tools-for-stm32.11.3.rel1.win32_1.1.100.202309141235/tools/bin/../lib/gcc/arm-none-eabi/11.3.1/thumb/v7e-m+fp/hard\libgcc.a
LOAD C:/ST/STM32CubeIDE_1.14.1/STM32CubeIDE/plugins/com.st.stm32cube.ide.mcu.externaltools.gnu-tools-for-stm32.11.3.rel1.win32_1.1.100.202309141235/tools/bin/../lib/gcc/arm-none-eabi/11.3.1/../../../../arm-none-eabi/lib/thumb/v7e-m+fp/hard\libc_nano.a
LOAD C:/ST/STM32CubeIDE_1.14.1/STM32CubeIDE/plugins/com.st.stm32cube.ide.mcu.externaltools.gnu-tools-for-stm32.11.3.rel1.win32_1.1.100.202309141235/tools/bin/../lib/gcc/arm-none-eabi/11.3.1/../../../../arm-none-eabi/lib/thumb/v7e-m+fp/hard\libnosys.a
END GROUP
START GROUP
LOAD C:/ST/STM32CubeIDE_1.14.1/STM32CubeIDE/plugins/com.st.stm32cube.ide.mcu.externaltools.gnu-tools-for-stm32.11.3.rel1.win32_1.1.100.202309141235/tools/bin/../lib/gcc/arm-none-eabi/11.3.1/thumb/v7e-m+fp/hard\libgcc.a
LOAD C:/ST/STM32CubeIDE_1.14.1/STM32CubeIDE/plugins/com.st.stm32cube.ide.mcu.externaltools.gnu-tools-for-stm32.11.3.rel1.win32_1.1.100.202309141235/tools/bin/../lib/gcc/arm-none-eabi/11.3.1/../../../../arm-none-eabi/lib/thumb/v7e-m+fp/hard\libc_nano.a
LOAD C:/ST/STM32CubeIDE_1.14.1/STM32CubeIDE/plugins/com.st.stm32cube.ide.mcu.externaltools.gnu-tools-for-stm32.11.3.rel1.win32_1.1.100.202309141235/tools/bin/../lib/gcc/arm-none-eabi/11.3.1/../../../../arm-none-eabi/lib/thumb/v7e-m+fp/hard\libnosys.a
END GROUP
LOAD C:/ST/STM32CubeIDE_1.14.1/STM32CubeIDE/plugins/com.st.stm32cube.ide.mcu.externaltools.gnu-tools-for-stm32.11.3.rel1.win32_1.1.100.202309141235/tools/bin/../lib/gcc/arm-none-eabi/11.3.1/thumb/v7e-m+fp/hard/crtend.o
LOAD C:/ST/STM32CubeIDE_1.14.1/STM32CubeIDE/plugins/com.st.stm32cube.ide.mcu.externaltools.gnu-tools-for-stm32.11.3.rel1.win32_1.1.100.202309141235/tools/bin/../lib/gcc/arm-none-eabi/11.3.1/thumb/v7e-m+fp/hard/crtn.o
                0x000000002000a000                _estack = (ORIGIN (RAM) + LENGTH (RAM))
                0x0000000000000200                _Min_Heap_Size = 0x200
                0x0000000000000400                _Min_Stack_Size = 0x400

.isr_vector     0x0000000008000000      0x188
                0x0000000008000000                . = ALIGN (0x4)
 *(.isr_vector)
 .isr_vector    0x0000000008000000      0x188 ./Core/Startup/startup_stm32f303vctx.o
                0x0000000008000000                g_pfnVectors
                0x0000000008000188                . = ALIGN (0x4)

.text           0x0000000008000188     0x246c
                0x0000000008000188                . = ALIGN (0x4)
 *(.text)
 .text          0x0000000008000188       0x40 C:/ST/STM32CubeIDE_1.14.1/STM32CubeIDE/plugins/com.st.stm32cube.ide.mcu.externaltools.gnu-tools-for-stm32.11.3.rel1.win32_1.1.100.202309141235/tools/bin/../lib/gcc/arm-none-eabi/11.3.1/thumb/v7e-m+fp/hard/crtbegin.o
 *(.text*)
 .text.chase_led
                0x00000000080001c8       0x34 ./Core/Src/main.o
                0x00000000080001c8                chase_led
 .text.HAL_GPIO_EXTI_Callback
                0x00000000080001fc       0x98 ./Core/Src/main.o
                0x00000000080001fc                HAL_GPIO_EXTI_Callback
 .text.multiplier_reset
                0x0000000008000294       0x18 ./Core/Src/main.o
                0x0000000008000294                multiplier_reset
 .text.game_over
                0x00000000080002ac       0x18 ./Core/Src/main.o
                0x00000000080002ac                game_over
 .text.main     0x00000000080002c4      0x144 ./Core/Src/main.o
                0x00000000080002c4                main
 .text.SystemClock_Config
                0x0000000008000408       0x82 ./Core/Src/sensors.o
                0x0000000008000408                SystemClock_Config
 *fill*         0x000000000800048a        0x2 
 .text.MX_GPIO_Init
                0x000000000800048c      0x1e4 ./Core/Src/sensors.o
 .text.Error_Handler
                0x0000000008000670        0xa ./Core/Src/sensors.o
                0x0000000008000670                Error_Handler
 .text.HAL_setup
                0x000000000800067a       0x14 ./Core/Src/sensors.o
                0x000000000800067a                HAL_setup
 *fill*         0x000000000800068e        0x2 
 .text.HAL_MspInit
                0x0000000008000690       0x48 ./Core/Src/stm32f3xx_hal_msp.o
                0x0000000008000690                HAL_MspInit
 .text.NMI_Handler
                0x00000000080006d8        0x6 ./Core/Src/stm32f3xx_it.o
                0x00000000080006d8                NMI_Handler
 .text.HardFault_Handler
                0x00000000080006de        0x6 ./Core/Src/stm32f3xx_it.o
                0x00000000080006de                HardFault_Handler
 .text.MemManage_Handler
                0x00000000080006e4        0x6 ./Core/Src/stm32f3xx_it.o
                0x00000000080006e4                MemManage_Handler
 .text.BusFault_Handler
                0x00000000080006ea        0x6 ./Core/Src/stm32f3xx_it.o
                0x00000000080006ea                BusFault_Handler
 .text.UsageFault_Handler
                0x00000000080006f0        0x6 ./Core/Src/stm32f3xx_it.o
                0x00000000080006f0                UsageFault_Handler
 .text.SVC_Handler
                0x00000000080006f6        0xe ./Core/Src/stm32f3xx_it.o
                0x00000000080006f6                SVC_Handler
 .text.DebugMon_Handler
                0x0000000008000704        0xe ./Core/Src/stm32f3xx_it.o
                0x0000000008000704                DebugMon_Handler
 .text.PendSV_Handler
                0x0000000008000712        0xe ./Core/Src/stm32f3xx_it.o
                0x0000000008000712                PendSV_Handler
 .text.SysTick_Handler
                0x0000000008000720        0xc ./Core/Src/stm32f3xx_it.o
                0x0000000008000720                SysTick_Handler
 .text.EXTI1_IRQHandler
                0x000000000800072c        0xe ./Core/Src/stm32f3xx_it.o
                0x000000000800072c                EXTI1_IRQHandler
 .text.EXTI2_TSC_IRQHandler
                0x000000000800073a        0xe ./Core/Src/stm32f3xx_it.o
                0x000000000800073a                EXTI2_TSC_IRQHandler
 .text.EXTI3_IRQHandler
                0x0000000008000748        0xe ./Core/Src/stm32f3xx_it.o
                0x0000000008000748                EXTI3_IRQHandler
 .text.EXTI4_IRQHandler
                0x0000000008000756        0xe ./Core/Src/stm32f3xx_it.o
                0x0000000008000756                EXTI4_IRQHandler
 .text.EXTI9_5_IRQHandler
                0x0000000008000764       0x18 ./Core/Src/stm32f3xx_it.o
                0x0000000008000764                EXTI9_5_IRQHandler
 .text.EXTI15_10_IRQHandler
                0x000000000800077c       0x10 ./Core/Src/stm32f3xx_it.o
                0x000000000800077c                EXTI15_10_IRQHandler
 .text.SystemInit
                0x000000000800078c       0x24 ./Core/Src/system_stm32f3xx.o
                0x000000000800078c                SystemInit
 .text.__NVIC_EnableIRQ
                0x00000000080007b0       0x3c ./Core/Src/timers.o
 .text.__NVIC_ClearPendingIRQ
                0x00000000080007ec       0x3c ./Core/Src/timers.o
 .text.__NVIC_SetPriority
                0x0000000008000828       0x54 ./Core/Src/timers.o
 .text.enable_clocks
                0x000000000800087c       0x38 ./Core/Src/timers.o
                0x000000000800087c                enable_clocks
 .text.initialise_board
                0x00000000080008b4       0x24 ./Core/Src/timers.o
                0x00000000080008b4                initialise_board
 .text.enable_interrupts
                0x00000000080008d8       0xa0 ./Core/Src/timers.o
                0x00000000080008d8                enable_interrupts
 .text.TIM2_IRQHandler
                0x0000000008000978       0x3c ./Core/Src/timers.o
                0x0000000008000978                TIM2_IRQHandler
 .text.TIM3_IRQHandler
                0x00000000080009b4       0x38 ./Core/Src/timers.o
                0x00000000080009b4                TIM3_IRQHandler
 .text.get_game_time
                0x00000000080009ec       0x18 ./Core/Src/timers.o
                0x00000000080009ec                get_game_time
 .text.game_timer
                0x0000000008000a04       0x4c ./Core/Src/timers.o
                0x0000000008000a04                game_timer
 .text.multi_timer
                0x0000000008000a50       0x54 ./Core/Src/timers.o
                0x0000000008000a50                multi_timer
 .text.Reset_Handler
                0x0000000008000aa4       0x50 ./Core/Startup/startup_stm32f303vctx.o
                0x0000000008000aa4                Reset_Handler
 .text.Default_Handler
                0x0000000008000af4        0x2 ./Core/Startup/startup_stm32f303vctx.o
                0x0000000008000af4                RTC_Alarm_IRQHandler
                0x0000000008000af4                TIM8_TRG_COM_IRQHandler
                0x0000000008000af4                TIM8_CC_IRQHandler
                0x0000000008000af4                TIM1_CC_IRQHandler
                0x0000000008000af4                USB_HP_IRQHandler
                0x0000000008000af4                PVD_IRQHandler
                0x0000000008000af4                TAMP_STAMP_IRQHandler
                0x0000000008000af4                USB_HP_CAN_TX_IRQHandler
                0x0000000008000af4                EXTI0_IRQHandler
                0x0000000008000af4                I2C2_EV_IRQHandler
                0x0000000008000af4                FPU_IRQHandler
                0x0000000008000af4                TIM1_UP_TIM16_IRQHandler
                0x0000000008000af4                ADC1_2_IRQHandler
                0x0000000008000af4                SPI1_IRQHandler
                0x0000000008000af4                CAN_SCE_IRQHandler
                0x0000000008000af4                TIM6_DAC_IRQHandler
                0x0000000008000af4                TIM8_UP_IRQHandler
                0x0000000008000af4                DMA2_Channel2_IRQHandler
                0x0000000008000af4                DMA1_Channel4_IRQHandler
                0x0000000008000af4                USART3_IRQHandler
                0x0000000008000af4                DMA1_Channel7_IRQHandler
                0x0000000008000af4                UART5_IRQHandler
                0x0000000008000af4                ADC3_IRQHandler
                0x0000000008000af4                TIM4_IRQHandler
                0x0000000008000af4                CAN_RX1_IRQHandler
                0x0000000008000af4                DMA2_Channel1_IRQHandler
                0x0000000008000af4                I2C1_EV_IRQHandler
                0x0000000008000af4                DMA1_Channel6_IRQHandler
                0x0000000008000af4                UART4_IRQHandler
                0x0000000008000af4                DMA2_Channel4_IRQHandler
                0x0000000008000af4                RCC_IRQHandler
                0x0000000008000af4                DMA1_Channel1_IRQHandler
                0x0000000008000af4                Default_Handler
                0x0000000008000af4                USBWakeUp_RMP_IRQHandler
                0x0000000008000af4                TIM7_IRQHandler
                0x0000000008000af4                RTC_WKUP_IRQHandler
                0x0000000008000af4                SPI2_IRQHandler
                0x0000000008000af4                USB_LP_CAN_RX0_IRQHandler
                0x0000000008000af4                DMA2_Channel5_IRQHandler
                0x0000000008000af4                DMA1_Channel5_IRQHandler
                0x0000000008000af4                USB_LP_IRQHandler
                0x0000000008000af4                TIM1_TRG_COM_TIM17_IRQHandler
                0x0000000008000af4                DMA1_Channel3_IRQHandler
                0x0000000008000af4                ADC4_IRQHandler
                0x0000000008000af4                WWDG_IRQHandler
                0x0000000008000af4                COMP7_IRQHandler
                0x0000000008000af4                COMP1_2_3_IRQHandler
                0x0000000008000af4                USART2_IRQHandler
                0x0000000008000af4                COMP4_5_6_IRQHandler
                0x0000000008000af4                I2C2_ER_IRQHandler
                0x0000000008000af4                DMA1_Channel2_IRQHandler
                0x0000000008000af4                TIM8_BRK_IRQHandler
                0x0000000008000af4                FLASH_IRQHandler
                0x0000000008000af4                USART1_IRQHandler
                0x0000000008000af4                SPI3_IRQHandler
                0x0000000008000af4                I2C1_ER_IRQHandler
                0x0000000008000af4                USBWakeUp_IRQHandler
                0x0000000008000af4                DMA2_Channel3_IRQHandler
                0x0000000008000af4                TIM1_BRK_TIM15_IRQHandler
 *fill*         0x0000000008000af6        0x2 
 .text.HAL_Init
                0x0000000008000af8       0x2c ./Drivers/STM32F3xx_HAL_Driver/Src/stm32f3xx_hal.o
                0x0000000008000af8                HAL_Init
 .text.HAL_InitTick
                0x0000000008000b24       0x60 ./Drivers/STM32F3xx_HAL_Driver/Src/stm32f3xx_hal.o
                0x0000000008000b24                HAL_InitTick
 .text.HAL_IncTick
                0x0000000008000b84       0x28 ./Drivers/STM32F3xx_HAL_Driver/Src/stm32f3xx_hal.o
                0x0000000008000b84                HAL_IncTick
 .text.HAL_GetTick
                0x0000000008000bac       0x18 ./Drivers/STM32F3xx_HAL_Driver/Src/stm32f3xx_hal.o
                0x0000000008000bac                HAL_GetTick
 .text.__NVIC_SetPriorityGrouping
                0x0000000008000bc4       0x48 ./Drivers/STM32F3xx_HAL_Driver/Src/stm32f3xx_hal_cortex.o
 .text.__NVIC_GetPriorityGrouping
                0x0000000008000c0c       0x1c ./Drivers/STM32F3xx_HAL_Driver/Src/stm32f3xx_hal_cortex.o
 .text.__NVIC_EnableIRQ
                0x0000000008000c28       0x3c ./Drivers/STM32F3xx_HAL_Driver/Src/stm32f3xx_hal_cortex.o
 .text.__NVIC_SetPriority
                0x0000000008000c64       0x54 ./Drivers/STM32F3xx_HAL_Driver/Src/stm32f3xx_hal_cortex.o
 .text.NVIC_EncodePriority
                0x0000000008000cb8       0x66 ./Drivers/STM32F3xx_HAL_Driver/Src/stm32f3xx_hal_cortex.o
 *fill*         0x0000000008000d1e        0x2 
 .text.SysTick_Config
                0x0000000008000d20       0x44 ./Drivers/STM32F3xx_HAL_Driver/Src/stm32f3xx_hal_cortex.o
 .text.HAL_NVIC_SetPriorityGrouping
                0x0000000008000d64       0x16 ./Drivers/STM32F3xx_HAL_Driver/Src/stm32f3xx_hal_cortex.o
                0x0000000008000d64                HAL_NVIC_SetPriorityGrouping
 .text.HAL_NVIC_SetPriority
                0x0000000008000d7a       0x38 ./Drivers/STM32F3xx_HAL_Driver/Src/stm32f3xx_hal_cortex.o
                0x0000000008000d7a                HAL_NVIC_SetPriority
 .text.HAL_NVIC_EnableIRQ
                0x0000000008000db2       0x1c ./Drivers/STM32F3xx_HAL_Driver/Src/stm32f3xx_hal_cortex.o
                0x0000000008000db2                HAL_NVIC_EnableIRQ
 .text.HAL_SYSTICK_Config
                0x0000000008000dce       0x18 ./Drivers/STM32F3xx_HAL_Driver/Src/stm32f3xx_hal_cortex.o
                0x0000000008000dce                HAL_SYSTICK_Config
 *fill*         0x0000000008000de6        0x2 
 .text.HAL_GPIO_Init
                0x0000000008000de8      0x2f4 ./Drivers/STM32F3xx_HAL_Driver/Src/stm32f3xx_hal_gpio.o
                0x0000000008000de8                HAL_GPIO_Init
 .text.HAL_GPIO_WritePin
                0x00000000080010dc       0x30 ./Drivers/STM32F3xx_HAL_Driver/Src/stm32f3xx_hal_gpio.o
                0x00000000080010dc                HAL_GPIO_WritePin
 .text.HAL_GPIO_EXTI_IRQHandler
                0x000000000800110c       0x30 ./Drivers/STM32F3xx_HAL_Driver/Src/stm32f3xx_hal_gpio.o
                0x000000000800110c                HAL_GPIO_EXTI_IRQHandler
 .text.HAL_RCC_OscConfig
                0x000000000800113c     0x107c ./Drivers/STM32F3xx_HAL_Driver/Src/stm32f3xx_hal_rcc.o
                0x000000000800113c                HAL_RCC_OscConfig
 .text.HAL_RCC_ClockConfig
                0x00000000080021b8      0x2f8 ./Drivers/STM32F3xx_HAL_Driver/Src/stm32f3xx_hal_rcc.o
                0x00000000080021b8                HAL_RCC_ClockConfig
 .text.HAL_RCC_GetSysClockFreq
                0x00000000080024b0       0xd4 ./Drivers/STM32F3xx_HAL_Driver/Src/stm32f3xx_hal_rcc.o
                0x00000000080024b0                HAL_RCC_GetSysClockFreq
 .text.memset   0x0000000008002584       0x10 C:/ST/STM32CubeIDE_1.14.1/STM32CubeIDE/plugins/com.st.stm32cube.ide.mcu.externaltools.gnu-tools-for-stm32.11.3.rel1.win32_1.1.100.202309141235/tools/bin/../lib/gcc/arm-none-eabi/11.3.1/../../../../arm-none-eabi/lib/thumb/v7e-m+fp/hard\libc_nano.a(libc_a-memset.o)
                0x0000000008002584                memset
 .text.__libc_init_array
                0x0000000008002594       0x48 C:/ST/STM32CubeIDE_1.14.1/STM32CubeIDE/plugins/com.st.stm32cube.ide.mcu.externaltools.gnu-tools-for-stm32.11.3.rel1.win32_1.1.100.202309141235/tools/bin/../lib/gcc/arm-none-eabi/11.3.1/../../../../arm-none-eabi/lib/thumb/v7e-m+fp/hard\libc_nano.a(libc_a-init.o)
                0x0000000008002594                __libc_init_array
 *(.glue_7)
 .glue_7        0x00000000080025dc        0x0 linker stubs
 *(.glue_7t)
 .glue_7t       0x00000000080025dc        0x0 linker stubs
 *(.eh_frame)
 .eh_frame      0x00000000080025dc        0x0 C:/ST/STM32CubeIDE_1.14.1/STM32CubeIDE/plugins/com.st.stm32cube.ide.mcu.externaltools.gnu-tools-for-stm32.11.3.rel1.win32_1.1.100.202309141235/tools/bin/../lib/gcc/arm-none-eabi/11.3.1/thumb/v7e-m+fp/hard/crtbegin.o
 *(.init)
 .init          0x00000000080025dc        0x4 C:/ST/STM32CubeIDE_1.14.1/STM32CubeIDE/plugins/com.st.stm32cube.ide.mcu.externaltools.gnu-tools-for-stm32.11.3.rel1.win32_1.1.100.202309141235/tools/bin/../lib/gcc/arm-none-eabi/11.3.1/thumb/v7e-m+fp/hard/crti.o
                0x00000000080025dc                _init
 .init          0x00000000080025e0        0x8 C:/ST/STM32CubeIDE_1.14.1/STM32CubeIDE/plugins/com.st.stm32cube.ide.mcu.externaltools.gnu-tools-for-stm32.11.3.rel1.win32_1.1.100.202309141235/tools/bin/../lib/gcc/arm-none-eabi/11.3.1/thumb/v7e-m+fp/hard/crtn.o
 *(.fini)
 .fini          0x00000000080025e8        0x4 C:/ST/STM32CubeIDE_1.14.1/STM32CubeIDE/plugins/com.st.stm32cube.ide.mcu.externaltools.gnu-tools-for-stm32.11.3.rel1.win32_1.1.100.202309141235/tools/bin/../lib/gcc/arm-none-eabi/11.3.1/thumb/v7e-m+fp/hard/crti.o
                0x00000000080025e8                _fini
 .fini          0x00000000080025ec        0x8 C:/ST/STM32CubeIDE_1.14.1/STM32CubeIDE/plugins/com.st.stm32cube.ide.mcu.externaltools.gnu-tools-for-stm32.11.3.rel1.win32_1.1.100.202309141235/tools/bin/../lib/gcc/arm-none-eabi/11.3.1/thumb/v7e-m+fp/hard/crtn.o
                0x00000000080025f4                . = ALIGN (0x4)
                0x00000000080025f4                _etext = .

.vfp11_veneer   0x00000000080025f4        0x0
 .vfp11_veneer  0x00000000080025f4        0x0 linker stubs

.v4_bx          0x00000000080025f4        0x0
 .v4_bx         0x00000000080025f4        0x0 linker stubs

.iplt           0x00000000080025f4        0x0
 .iplt          0x00000000080025f4        0x0 C:/ST/STM32CubeIDE_1.14.1/STM32CubeIDE/plugins/com.st.stm32cube.ide.mcu.externaltools.gnu-tools-for-stm32.11.3.rel1.win32_1.1.100.202309141235/tools/bin/../lib/gcc/arm-none-eabi/11.3.1/thumb/v7e-m+fp/hard/crtbegin.o

.rodata         0x00000000080025f4       0x30
                0x00000000080025f4                . = ALIGN (0x4)
 *(.rodata)
 *(.rodata*)
 .rodata.AHBPrescTable
                0x00000000080025f4       0x10 ./Core/Src/system_stm32f3xx.o
                0x00000000080025f4                AHBPrescTable
 .rodata.aPLLMULFactorTable
                0x0000000008002604       0x10 ./Drivers/STM32F3xx_HAL_Driver/Src/stm32f3xx_hal_rcc.o
 .rodata.aPredivFactorTable
                0x0000000008002614       0x10 ./Drivers/STM32F3xx_HAL_Driver/Src/stm32f3xx_hal_rcc.o
                0x0000000008002624                . = ALIGN (0x4)

.rel.dyn        0x0000000008002624        0x0
 .rel.iplt      0x0000000008002624        0x0 C:/ST/STM32CubeIDE_1.14.1/STM32CubeIDE/plugins/com.st.stm32cube.ide.mcu.externaltools.gnu-tools-for-stm32.11.3.rel1.win32_1.1.100.202309141235/tools/bin/../lib/gcc/arm-none-eabi/11.3.1/thumb/v7e-m+fp/hard/crtbegin.o

.ARM.extab      0x0000000008002624        0x0
                0x0000000008002624                . = ALIGN (0x4)
 *(.ARM.extab* .gnu.linkonce.armextab.*)
                0x0000000008002624                . = ALIGN (0x4)

.ARM            0x0000000008002624        0x0
                0x0000000008002624                . = ALIGN (0x4)
                0x0000000008002624                __exidx_start = .
 *(.ARM.exidx*)
                0x0000000008002624                __exidx_end = .
                0x0000000008002624                . = ALIGN (0x4)

.preinit_array  0x0000000008002624        0x0
                0x0000000008002624                . = ALIGN (0x4)
                0x0000000008002624                PROVIDE (__preinit_array_start = .)
 *(.preinit_array*)
                0x0000000008002624                PROVIDE (__preinit_array_end = .)
                0x0000000008002624                . = ALIGN (0x4)

.init_array     0x0000000008002624        0x4
                0x0000000008002624                . = ALIGN (0x4)
                0x0000000008002624                PROVIDE (__init_array_start = .)
 *(SORT_BY_NAME(.init_array.*))
 *(.init_array*)
 .init_array    0x0000000008002624        0x4 C:/ST/STM32CubeIDE_1.14.1/STM32CubeIDE/plugins/com.st.stm32cube.ide.mcu.externaltools.gnu-tools-for-stm32.11.3.rel1.win32_1.1.100.202309141235/tools/bin/../lib/gcc/arm-none-eabi/11.3.1/thumb/v7e-m+fp/hard/crtbegin.o
                0x0000000008002628                PROVIDE (__init_array_end = .)
                0x0000000008002628                . = ALIGN (0x4)

.fini_array     0x0000000008002628        0x4
                0x0000000008002628                . = ALIGN (0x4)
                [!provide]                        PROVIDE (__fini_array_start = .)
 *(SORT_BY_NAME(.fini_array.*))
 *(.fini_array*)
 .fini_array    0x0000000008002628        0x4 C:/ST/STM32CubeIDE_1.14.1/STM32CubeIDE/plugins/com.st.stm32cube.ide.mcu.externaltools.gnu-tools-for-stm32.11.3.rel1.win32_1.1.100.202309141235/tools/bin/../lib/gcc/arm-none-eabi/11.3.1/thumb/v7e-m+fp/hard/crtbegin.o
                [!provide]                        PROVIDE (__fini_array_end = .)
                0x000000000800262c                . = ALIGN (0x4)
                0x000000000800262c                _sidata = LOADADDR (.data)

.data           0x0000000020000000       0x18 load address 0x000000000800262c
                0x0000000020000000                . = ALIGN (0x4)
                0x0000000020000000                _sdata = .
 *(.data)
 *(.data*)
 .data.mult_2_duration
                0x0000000020000000        0x2 ./Core/Src/main.o
                0x0000000020000000                mult_2_duration
 .data.point_val_1
                0x0000000020000002        0x2 ./Core/Src/main.o
                0x0000000020000002                point_val_1
 .data.point_val_2
                0x0000000020000004        0x2 ./Core/Src/main.o
                0x0000000020000004                point_val_2
 .data.point_val_3
                0x0000000020000006        0x2 ./Core/Src/main.o
                0x0000000020000006                point_val_3
 .data.multiplier
                0x0000000020000008        0x2 ./Core/Src/main.o
                0x0000000020000008                multiplier
 *fill*         0x000000002000000a        0x2 
 .data.SystemCoreClock
                0x000000002000000c        0x4 ./Core/Src/system_stm32f3xx.o
                0x000000002000000c                SystemCoreClock
 .data.uwTickPrio
                0x0000000020000010        0x4 ./Drivers/STM32F3xx_HAL_Driver/Src/stm32f3xx_hal.o
                0x0000000020000010                uwTickPrio
 .data.uwTickFreq
                0x0000000020000014        0x1 ./Drivers/STM32F3xx_HAL_Driver/Src/stm32f3xx_hal.o
                0x0000000020000014                uwTickFreq
 *(.RamFunc)
 *(.RamFunc*)
                0x0000000020000018                . = ALIGN (0x4)
 *fill*         0x0000000020000015        0x3 
                0x0000000020000018                _edata = .
                0x0000000008002644                _siccmram = LOADADDR (.ccmram)

.igot.plt       0x0000000020000018        0x0 load address 0x0000000008002644
 .igot.plt      0x0000000020000018        0x0 C:/ST/STM32CubeIDE_1.14.1/STM32CubeIDE/plugins/com.st.stm32cube.ide.mcu.externaltools.gnu-tools-for-stm32.11.3.rel1.win32_1.1.100.202309141235/tools/bin/../lib/gcc/arm-none-eabi/11.3.1/thumb/v7e-m+fp/hard/crtbegin.o

.ccmram         0x0000000010000000        0x0 load address 0x0000000008002644
                0x0000000010000000                . = ALIGN (0x4)
                0x0000000010000000                _sccmram = .
 *(.ccmram)
 *(.ccmram*)
                0x0000000010000000                . = ALIGN (0x4)
                0x0000000010000000                _eccmram = .
                0x0000000010000000                . = ALIGN (0x4)

.bss            0x0000000020000018       0x38
                0x0000000020000018                _sbss = .
                0x0000000020000018                __bss_start__ = _sbss
 *(.bss)
 .bss           0x0000000020000018       0x1c C:/ST/STM32CubeIDE_1.14.1/STM32CubeIDE/plugins/com.st.stm32cube.ide.mcu.externaltools.gnu-tools-for-stm32.11.3.rel1.win32_1.1.100.202309141235/tools/bin/../lib/gcc/arm-none-eabi/11.3.1/thumb/v7e-m+fp/hard/crtbegin.o
 *(.bss*)
 .bss.end_game  0x0000000020000034        0x1 ./Core/Src/main.o
                0x0000000020000034                end_game
 *fill*         0x0000000020000035        0x1 
 .bss.score     0x0000000020000036        0x2 ./Core/Src/main.o
                0x0000000020000036                score
 .bss.game_time
                0x0000000020000038        0x2 ./Core/Src/main.o
                0x0000000020000038                game_time
 .bss.game_state
                0x000000002000003a        0x2 ./Core/Src/main.o
                0x000000002000003a                game_state
 .bss.sensor1_flag
                0x000000002000003c        0x1 ./Core/Src/main.o
                0x000000002000003c                sensor1_flag
 .bss.sensor2_flag
                0x000000002000003d        0x1 ./Core/Src/main.o
                0x000000002000003d                sensor2_flag
 .bss.sensor3_flag
                0x000000002000003e        0x1 ./Core/Src/main.o
                0x000000002000003e                sensor3_flag
 .bss.sensor4_flag
                0x000000002000003f        0x1 ./Core/Src/main.o
                0x000000002000003f                sensor4_flag
 .bss.sensor8_flag
                0x0000000020000040        0x1 ./Core/Src/main.o
                0x0000000020000040                sensor8_flag
 .bss.sensor9_flag
                0x0000000020000041        0x1 ./Core/Src/main.o
                0x0000000020000041                sensor9_flag
 .bss.sensor10_flag
                0x0000000020000042        0x1 ./Core/Src/main.o
                0x0000000020000042                sensor10_flag
 *fill*         0x0000000020000043        0x1 
 .bss.on_TIM2_reset
                0x0000000020000044        0x4 ./Core/Src/timers.o
                0x0000000020000044                on_TIM2_reset
 .bss.on_TIM3_reset
                0x0000000020000048        0x4 ./Core/Src/timers.o
                0x0000000020000048                on_TIM3_reset
 .bss.uwTick    0x000000002000004c        0x4 ./Drivers/STM32F3xx_HAL_Driver/Src/stm32f3xx_hal.o
                0x000000002000004c                uwTick
 *(COMMON)
                0x0000000020000050                . = ALIGN (0x4)
                0x0000000020000050                _ebss = .
                0x0000000020000050                __bss_end__ = _ebss

._user_heap_stack
                0x0000000020000050      0x600
                0x0000000020000050                . = ALIGN (0x8)
                [!provide]                        PROVIDE (end = .)
                0x0000000020000050                PROVIDE (_end = .)
                0x0000000020000250                . = (. + _Min_Heap_Size)
 *fill*         0x0000000020000050      0x200 
                0x0000000020000650                . = (. + _Min_Stack_Size)
 *fill*         0x0000000020000250      0x400 
                0x0000000020000650                . = ALIGN (0x8)

/DISCARD/
 libc.a(*)
 libm.a(*)
 libgcc.a(*)

.ARM.attributes
                0x0000000000000000       0x30
 *(.ARM.attributes)
 .ARM.attributes
                0x0000000000000000       0x1e C:/ST/STM32CubeIDE_1.14.1/STM32CubeIDE/plugins/com.st.stm32cube.ide.mcu.externaltools.gnu-tools-for-stm32.11.3.rel1.win32_1.1.100.202309141235/tools/bin/../lib/gcc/arm-none-eabi/11.3.1/thumb/v7e-m+fp/hard/crti.o
 .ARM.attributes
                0x000000000000001e       0x34 C:/ST/STM32CubeIDE_1.14.1/STM32CubeIDE/plugins/com.st.stm32cube.ide.mcu.externaltools.gnu-tools-for-stm32.11.3.rel1.win32_1.1.100.202309141235/tools/bin/../lib/gcc/arm-none-eabi/11.3.1/thumb/v7e-m+fp/hard/crtbegin.o
 .ARM.attributes
                0x0000000000000052       0x34 ./Core/Src/main.o
 .ARM.attributes
                0x0000000000000086       0x34 ./Core/Src/sensors.o
 .ARM.attributes
                0x00000000000000ba       0x34 ./Core/Src/stm32f3xx_hal_msp.o
 .ARM.attributes
                0x00000000000000ee       0x34 ./Core/Src/stm32f3xx_it.o
 .ARM.attributes
                0x0000000000000122       0x34 ./Core/Src/system_stm32f3xx.o
 .ARM.attributes
                0x0000000000000156       0x34 ./Core/Src/timers.o
 .ARM.attributes
                0x000000000000018a       0x21 ./Core/Startup/startup_stm32f303vctx.o
 .ARM.attributes
                0x00000000000001ab       0x34 ./Drivers/STM32F3xx_HAL_Driver/Src/stm32f3xx_hal.o
 .ARM.attributes
                0x00000000000001df       0x34 ./Drivers/STM32F3xx_HAL_Driver/Src/stm32f3xx_hal_cortex.o
 .ARM.attributes
                0x0000000000000213       0x34 ./Drivers/STM32F3xx_HAL_Driver/Src/stm32f3xx_hal_gpio.o
 .ARM.attributes
                0x0000000000000247       0x34 ./Drivers/STM32F3xx_HAL_Driver/Src/stm32f3xx_hal_rcc.o
 .ARM.attributes
                0x000000000000027b       0x34 C:/ST/STM32CubeIDE_1.14.1/STM32CubeIDE/plugins/com.st.stm32cube.ide.mcu.externaltools.gnu-tools-for-stm32.11.3.rel1.win32_1.1.100.202309141235/tools/bin/../lib/gcc/arm-none-eabi/11.3.1/../../../../arm-none-eabi/lib/thumb/v7e-m+fp/hard\libc_nano.a(libc_a-memset.o)
 .ARM.attributes
                0x00000000000002af       0x34 C:/ST/STM32CubeIDE_1.14.1/STM32CubeIDE/plugins/com.st.stm32cube.ide.mcu.externaltools.gnu-tools-for-stm32.11.3.rel1.win32_1.1.100.202309141235/tools/bin/../lib/gcc/arm-none-eabi/11.3.1/../../../../arm-none-eabi/lib/thumb/v7e-m+fp/hard\libc_nano.a(libc_a-init.o)
 .ARM.attributes
                0x00000000000002e3       0x1e C:/ST/STM32CubeIDE_1.14.1/STM32CubeIDE/plugins/com.st.stm32cube.ide.mcu.externaltools.gnu-tools-for-stm32.11.3.rel1.win32_1.1.100.202309141235/tools/bin/../lib/gcc/arm-none-eabi/11.3.1/thumb/v7e-m+fp/hard/crtn.o
OUTPUT(MTRX2700_Pinball_Integration.elf elf32-littlearm)
LOAD linker stubs
LOAD C:/ST/STM32CubeIDE_1.14.1/STM32CubeIDE/plugins/com.st.stm32cube.ide.mcu.externaltools.gnu-tools-for-stm32.11.3.rel1.win32_1.1.100.202309141235/tools/bin/../lib/gcc/arm-none-eabi/11.3.1/../../../../arm-none-eabi/lib/thumb/v7e-m+fp/hard\libc.a
LOAD C:/ST/STM32CubeIDE_1.14.1/STM32CubeIDE/plugins/com.st.stm32cube.ide.mcu.externaltools.gnu-tools-for-stm32.11.3.rel1.win32_1.1.100.202309141235/tools/bin/../lib/gcc/arm-none-eabi/11.3.1/../../../../arm-none-eabi/lib/thumb/v7e-m+fp/hard\libm.a
LOAD C:/ST/STM32CubeIDE_1.14.1/STM32CubeIDE/plugins/com.st.stm32cube.ide.mcu.externaltools.gnu-tools-for-stm32.11.3.rel1.win32_1.1.100.202309141235/tools/bin/../lib/gcc/arm-none-eabi/11.3.1/thumb/v7e-m+fp/hard\libgcc.a

.comment        0x0000000000000000       0x43
 .comment       0x0000000000000000       0x43 C:/ST/STM32CubeIDE_1.14.1/STM32CubeIDE/plugins/com.st.stm32cube.ide.mcu.externaltools.gnu-tools-for-stm32.11.3.rel1.win32_1.1.100.202309141235/tools/bin/../lib/gcc/arm-none-eabi/11.3.1/thumb/v7e-m+fp/hard/crtbegin.o
                                         0x44 (size before relaxing)
 .comment       0x0000000000000043       0x44 ./Core/Src/main.o
 .comment       0x0000000000000043       0x44 ./Core/Src/sensors.o
 .comment       0x0000000000000043       0x44 ./Core/Src/stm32f3xx_hal_msp.o
 .comment       0x0000000000000043       0x44 ./Core/Src/stm32f3xx_it.o
 .comment       0x0000000000000043       0x44 ./Core/Src/system_stm32f3xx.o
 .comment       0x0000000000000043       0x44 ./Core/Src/timers.o
 .comment       0x0000000000000043       0x44 ./Drivers/STM32F3xx_HAL_Driver/Src/stm32f3xx_hal.o
 .comment       0x0000000000000043       0x44 ./Drivers/STM32F3xx_HAL_Driver/Src/stm32f3xx_hal_cortex.o
 .comment       0x0000000000000043       0x44 ./Drivers/STM32F3xx_HAL_Driver/Src/stm32f3xx_hal_gpio.o
 .comment       0x0000000000000043       0x44 ./Drivers/STM32F3xx_HAL_Driver/Src/stm32f3xx_hal_rcc.o

.debug_info     0x0000000000000000     0x4c5a
 .debug_info    0x0000000000000000      0x378 ./Core/Src/main.o
 .debug_info    0x0000000000000378      0x7c4 ./Core/Src/sensors.o
 .debug_info    0x0000000000000b3c      0x1a0 ./Core/Src/stm32f3xx_hal_msp.o
 .debug_info    0x0000000000000cdc      0x19e ./Core/Src/stm32f3xx_it.o
 .debug_info    0x0000000000000e7a      0x407 ./Core/Src/system_stm32f3xx.o
 .debug_info    0x0000000000001281      0xa44 ./Core/Src/timers.o
 .debug_info    0x0000000000001cc5       0x23 ./Core/Startup/startup_stm32f303vctx.o
 .debug_info    0x0000000000001ce8      0x7d4 ./Drivers/STM32F3xx_HAL_Driver/Src/stm32f3xx_hal.o
 .debug_info    0x00000000000024bc      0xcaf ./Drivers/STM32F3xx_HAL_Driver/Src/stm32f3xx_hal_cortex.o
 .debug_info    0x000000000000316b      0x5fe ./Drivers/STM32F3xx_HAL_Driver/Src/stm32f3xx_hal_gpio.o
 .debug_info    0x0000000000003769     0x14f1 ./Drivers/STM32F3xx_HAL_Driver/Src/stm32f3xx_hal_rcc.o

.debug_abbrev   0x0000000000000000     0x12a6
 .debug_abbrev  0x0000000000000000      0x1a7 ./Core/Src/main.o
 .debug_abbrev  0x00000000000001a7      0x1f3 ./Core/Src/sensors.o
 .debug_abbrev  0x000000000000039a       0xe2 ./Core/Src/stm32f3xx_hal_msp.o
 .debug_abbrev  0x000000000000047c       0xbb ./Core/Src/stm32f3xx_it.o
 .debug_abbrev  0x0000000000000537      0x11a ./Core/Src/system_stm32f3xx.o
 .debug_abbrev  0x0000000000000651      0x23b ./Core/Src/timers.o
 .debug_abbrev  0x000000000000088c       0x12 ./Core/Startup/startup_stm32f303vctx.o
 .debug_abbrev  0x000000000000089e      0x215 ./Drivers/STM32F3xx_HAL_Driver/Src/stm32f3xx_hal.o
 .debug_abbrev  0x0000000000000ab3      0x329 ./Drivers/STM32F3xx_HAL_Driver/Src/stm32f3xx_hal_cortex.o
 .debug_abbrev  0x0000000000000ddc      0x1ca ./Drivers/STM32F3xx_HAL_Driver/Src/stm32f3xx_hal_gpio.o
 .debug_abbrev  0x0000000000000fa6      0x300 ./Drivers/STM32F3xx_HAL_Driver/Src/stm32f3xx_hal_rcc.o

.debug_aranges  0x0000000000000000      0x4c8
 .debug_aranges
                0x0000000000000000       0x40 ./Core/Src/main.o
 .debug_aranges
                0x0000000000000040       0x38 ./Core/Src/sensors.o
 .debug_aranges
                0x0000000000000078       0x20 ./Core/Src/stm32f3xx_hal_msp.o
 .debug_aranges
                0x0000000000000098       0x90 ./Core/Src/stm32f3xx_it.o
 .debug_aranges
                0x0000000000000128       0x28 ./Core/Src/system_stm32f3xx.o
 .debug_aranges
                0x0000000000000150       0x78 ./Core/Src/timers.o
 .debug_aranges
                0x00000000000001c8       0x28 ./Core/Startup/startup_stm32f303vctx.o
 .debug_aranges
                0x00000000000001f0       0xe0 ./Drivers/STM32F3xx_HAL_Driver/Src/stm32f3xx_hal.o
 .debug_aranges
                0x00000000000002d0      0x118 ./Drivers/STM32F3xx_HAL_Driver/Src/stm32f3xx_hal_cortex.o
 .debug_aranges
                0x00000000000003e8       0x58 ./Drivers/STM32F3xx_HAL_Driver/Src/stm32f3xx_hal_gpio.o
 .debug_aranges
                0x0000000000000440       0x88 ./Drivers/STM32F3xx_HAL_Driver/Src/stm32f3xx_hal_rcc.o

.debug_rnglists
                0x0000000000000000      0x36d
 .debug_rnglists
                0x0000000000000000       0x2d ./Core/Src/main.o
 .debug_rnglists
                0x000000000000002d       0x27 ./Core/Src/sensors.o
 .debug_rnglists
                0x0000000000000054       0x13 ./Core/Src/stm32f3xx_hal_msp.o
 .debug_rnglists
                0x0000000000000067       0x67 ./Core/Src/stm32f3xx_it.o
 .debug_rnglists
                0x00000000000000ce       0x1a ./Core/Src/system_stm32f3xx.o
 .debug_rnglists
                0x00000000000000e8       0x56 ./Core/Src/timers.o
 .debug_rnglists
                0x000000000000013e       0x19 ./Core/Startup/startup_stm32f303vctx.o
 .debug_rnglists
                0x0000000000000157       0xa3 ./Drivers/STM32F3xx_HAL_Driver/Src/stm32f3xx_hal.o
 .debug_rnglists
                0x00000000000001fa       0xce ./Drivers/STM32F3xx_HAL_Driver/Src/stm32f3xx_hal_cortex.o
 .debug_rnglists
                0x00000000000002c8       0x3f ./Drivers/STM32F3xx_HAL_Driver/Src/stm32f3xx_hal_gpio.o
 .debug_rnglists
                0x0000000000000307       0x66 ./Drivers/STM32F3xx_HAL_Driver/Src/stm32f3xx_hal_rcc.o

.debug_macro    0x0000000000000000    0x1c618
 .debug_macro   0x0000000000000000      0x2aa ./Core/Src/main.o
 .debug_macro   0x00000000000002aa      0xaa8 ./Core/Src/main.o
 .debug_macro   0x0000000000000d52       0x22 ./Core/Src/main.o
 .debug_macro   0x0000000000000d74       0x8e ./Core/Src/main.o
 .debug_macro   0x0000000000000e02       0x51 ./Core/Src/main.o
 .debug_macro   0x0000000000000e53      0x103 ./Core/Src/main.o
 .debug_macro   0x0000000000000f56       0x6a ./Core/Src/main.o
 .debug_macro   0x0000000000000fc0      0x1df ./Core/Src/main.o
 .debug_macro   0x000000000000119f       0x61 ./Core/Src/main.o
 .debug_macro   0x0000000000001200       0x2a ./Core/Src/main.o
 .debug_macro   0x000000000000122a       0x43 ./Core/Src/main.o
 .debug_macro   0x000000000000126d       0x34 ./Core/Src/main.o
 .debug_macro   0x00000000000012a1       0x16 ./Core/Src/main.o
 .debug_macro   0x00000000000012b7       0x97 ./Core/Src/main.o
 .debug_macro   0x000000000000134e      0x369 ./Core/Src/main.o
 .debug_macro   0x00000000000016b7       0xfd ./Core/Src/main.o
 .debug_macro   0x00000000000017b4       0x10 ./Core/Src/main.o
 .debug_macro   0x00000000000017c4       0x16 ./Core/Src/main.o
 .debug_macro   0x00000000000017da       0x43 ./Core/Src/main.o
 .debug_macro   0x000000000000181d       0x34 ./Core/Src/main.o
 .debug_macro   0x0000000000001851       0x10 ./Core/Src/main.o
 .debug_macro   0x0000000000001861       0x58 ./Core/Src/main.o
 .debug_macro   0x00000000000018b9       0x8e ./Core/Src/main.o
 .debug_macro   0x0000000000001947       0x1c ./Core/Src/main.o
 .debug_macro   0x0000000000001963      0x177 ./Core/Src/main.o
 .debug_macro   0x0000000000001ada       0x16 ./Core/Src/main.o
 .debug_macro   0x0000000000001af0       0x16 ./Core/Src/main.o
 .debug_macro   0x0000000000001b06      0x147 ./Core/Src/main.o
 .debug_macro   0x0000000000001c4d      0x14b ./Core/Src/main.o
 .debug_macro   0x0000000000001d98       0x2e ./Core/Src/main.o
 .debug_macro   0x0000000000001dc6       0x28 ./Core/Src/main.o
 .debug_macro   0x0000000000001dee       0x1c ./Core/Src/main.o
 .debug_macro   0x0000000000001e0a       0x22 ./Core/Src/main.o
 .debug_macro   0x0000000000001e2c       0xd9 ./Core/Src/main.o
 .debug_macro   0x0000000000001f05     0x102d ./Core/Src/main.o
 .debug_macro   0x0000000000002f32      0x11f ./Core/Src/main.o
 .debug_macro   0x0000000000003051    0x12a3a ./Core/Src/main.o
 .debug_macro   0x0000000000015a8b       0x6d ./Core/Src/main.o
 .debug_macro   0x0000000000015af8     0x3558 ./Core/Src/main.o
 .debug_macro   0x0000000000019050       0x4f ./Core/Src/main.o
 .debug_macro   0x000000000001909f      0x961 ./Core/Src/main.o
 .debug_macro   0x0000000000019a00      0x5fe ./Core/Src/main.o
 .debug_macro   0x0000000000019ffe      0x1b5 ./Core/Src/main.o
 .debug_macro   0x000000000001a1b3      0x1fb ./Core/Src/main.o
 .debug_macro   0x000000000001a3ae      0x1dc ./Core/Src/main.o
 .debug_macro   0x000000000001a58a      0x1bc ./Core/Src/main.o
 .debug_macro   0x000000000001a746       0x30 ./Core/Src/main.o
 .debug_macro   0x000000000001a776       0x3c ./Core/Src/main.o
 .debug_macro   0x000000000001a7b2      0x235 ./Core/Src/main.o
 .debug_macro   0x000000000001a9e7       0xc5 ./Core/Src/main.o
 .debug_macro   0x000000000001aaac      0x21d ./Core/Src/main.o
 .debug_macro   0x000000000001acc9      0x22c ./Core/Src/main.o
 .debug_macro   0x000000000001aef5       0x5b ./Core/Src/main.o
 .debug_macro   0x000000000001af50       0xa5 ./Core/Src/main.o
 .debug_macro   0x000000000001aff5       0x81 ./Core/Src/main.o
 .debug_macro   0x000000000001b076       0xd3 ./Core/Src/main.o
 .debug_macro   0x000000000001b149      0x275 ./Core/Src/main.o
 .debug_macro   0x000000000001b3be      0x1c6 ./Core/Src/main.o
 .debug_macro   0x000000000001b584      0x1c2 ./Core/Src/sensors.o
 .debug_macro   0x000000000001b746      0x174 ./Core/Src/sensors.o
 .debug_macro   0x000000000001b8ba       0x55 ./Core/Src/sensors.o
 .debug_macro   0x000000000001b90f      0x1be ./Core/Src/stm32f3xx_hal_msp.o
 .debug_macro   0x000000000001bacd      0x1c8 ./Core/Src/stm32f3xx_it.o
 .debug_macro   0x000000000001bc95      0x1af ./Core/Src/system_stm32f3xx.o
 .debug_macro   0x000000000001be44       0xc9 ./Core/Src/timers.o
 .debug_macro   0x000000000001bf0d      0x1d3 ./Drivers/STM32F3xx_HAL_Driver/Src/stm32f3xx_hal.o
 .debug_macro   0x000000000001c0e0      0x1af ./Drivers/STM32F3xx_HAL_Driver/Src/stm32f3xx_hal_cortex.o
 .debug_macro   0x000000000001c28f      0x1b6 ./Drivers/STM32F3xx_HAL_Driver/Src/stm32f3xx_hal_gpio.o
 .debug_macro   0x000000000001c445      0x1d3 ./Drivers/STM32F3xx_HAL_Driver/Src/stm32f3xx_hal_rcc.o

.debug_line     0x0000000000000000     0x6517
 .debug_line    0x0000000000000000      0x99b ./Core/Src/main.o
 .debug_line    0x000000000000099b      0x801 ./Core/Src/sensors.o
 .debug_line    0x000000000000119c      0x717 ./Core/Src/stm32f3xx_hal_msp.o
 .debug_line    0x00000000000018b3      0x869 ./Core/Src/stm32f3xx_it.o
 .debug_line    0x000000000000211c      0x78c ./Core/Src/system_stm32f3xx.o
 .debug_line    0x00000000000028a8      0x6f3 ./Core/Src/timers.o
 .debug_line    0x0000000000002f9b       0x7a ./Core/Startup/startup_stm32f303vctx.o
 .debug_line    0x0000000000003015      0x9c1 ./Drivers/STM32F3xx_HAL_Driver/Src/stm32f3xx_hal.o
 .debug_line    0x00000000000039d6      0xc86 ./Drivers/STM32F3xx_HAL_Driver/Src/stm32f3xx_hal_cortex.o
 .debug_line    0x000000000000465c      0xb20 ./Drivers/STM32F3xx_HAL_Driver/Src/stm32f3xx_hal_gpio.o
 .debug_line    0x000000000000517c     0x139b ./Drivers/STM32F3xx_HAL_Driver/Src/stm32f3xx_hal_rcc.o

.debug_str      0x0000000000000000    0xa8179
 .debug_str     0x0000000000000000    0xa6da6 ./Core/Src/main.o
                                      0xa745a (size before relaxing)
 .debug_str     0x00000000000a6da6      0x5ad ./Core/Src/sensors.o
                                      0xa4298 (size before relaxing)
 .debug_str     0x00000000000a7353       0x49 ./Core/Src/stm32f3xx_hal_msp.o
                                      0xa3bcd (size before relaxing)
 .debug_str     0x00000000000a739c      0x152 ./Core/Src/stm32f3xx_it.o
                                      0xa3c7c (size before relaxing)
 .debug_str     0x00000000000a74ee       0xe9 ./Core/Src/system_stm32f3xx.o
                                      0xa359f (size before relaxing)
 .debug_str     0x00000000000a75d7      0x100 ./Core/Src/timers.o
                                      0x72946 (size before relaxing)
 .debug_str     0x00000000000a76d7       0x34 ./Core/Startup/startup_stm32f303vctx.o
                                         0x83 (size before relaxing)
 .debug_str     0x00000000000a770b      0x384 ./Drivers/STM32F3xx_HAL_Driver/Src/stm32f3xx_hal.o
                                      0xa3ddd (size before relaxing)
 .debug_str     0x00000000000a7a8f      0x308 ./Drivers/STM32F3xx_HAL_Driver/Src/stm32f3xx_hal_cortex.o
                                      0xa3e2f (size before relaxing)
 .debug_str     0x00000000000a7d97      0x111 ./Drivers/STM32F3xx_HAL_Driver/Src/stm32f3xx_hal_gpio.o
                                      0xa370c (size before relaxing)
 .debug_str     0x00000000000a7ea8      0x2d1 ./Drivers/STM32F3xx_HAL_Driver/Src/stm32f3xx_hal_rcc.o
                                      0xa3a3f (size before relaxing)

.debug_frame    0x0000000000000000     0x10ac
 .debug_frame   0x0000000000000000       0xbc ./Core/Src/main.o
 .debug_frame   0x00000000000000bc       0x8c ./Core/Src/sensors.o
 .debug_frame   0x0000000000000148       0x34 ./Core/Src/stm32f3xx_hal_msp.o
 .debug_frame   0x000000000000017c      0x1ac ./Core/Src/stm32f3xx_it.o
 .debug_frame   0x0000000000000328       0x58 ./Core/Src/system_stm32f3xx.o
 .debug_frame   0x0000000000000380      0x1b4 ./Core/Src/timers.o
 .debug_frame   0x0000000000000534      0x334 ./Drivers/STM32F3xx_HAL_Driver/Src/stm32f3xx_hal.o
 .debug_frame   0x0000000000000868      0x498 ./Drivers/STM32F3xx_HAL_Driver/Src/stm32f3xx_hal_cortex.o
 .debug_frame   0x0000000000000d00      0x14c ./Drivers/STM32F3xx_HAL_Driver/Src/stm32f3xx_hal_gpio.o
 .debug_frame   0x0000000000000e4c      0x214 ./Drivers/STM32F3xx_HAL_Driver/Src/stm32f3xx_hal_rcc.o
 .debug_frame   0x0000000000001060       0x20 C:/ST/STM32CubeIDE_1.14.1/STM32CubeIDE/plugins/com.st.stm32cube.ide.mcu.externaltools.gnu-tools-for-stm32.11.3.rel1.win32_1.1.100.202309141235/tools/bin/../lib/gcc/arm-none-eabi/11.3.1/../../../../arm-none-eabi/lib/thumb/v7e-m+fp/hard\libc_nano.a(libc_a-memset.o)
 .debug_frame   0x0000000000001080       0x2c C:/ST/STM32CubeIDE_1.14.1/STM32CubeIDE/plugins/com.st.stm32cube.ide.mcu.externaltools.gnu-tools-for-stm32.11.3.rel1.win32_1.1.100.202309141235/tools/bin/../lib/gcc/arm-none-eabi/11.3.1/../../../../arm-none-eabi/lib/thumb/v7e-m+fp/hard\libc_nano.a(libc_a-init.o)

.debug_line_str
                0x0000000000000000       0x77
 .debug_line_str
                0x0000000000000000       0x77 ./Core/Startup/startup_stm32f303vctx.o
                                         0x8f (size before relaxing)
