../Core/Src/main.c:68:6:set_motor_direction	16	static
../Core/Src/main.c:82:6:motor_delay	16	static
../Core/Src/main.c:94:5:main	8	static
../Core/Src/main.c:149:6:SystemClock_Config	128	static
../Core/Src/main.c:198:13:MX_I2C1_Init	8	static
../Core/Src/main.c:246:13:MX_SPI1_Init	8	static
../Core/Src/main.c:286:13:MX_TIM2_Init	48	static
../Core/Src/main.c:335:13:MX_USB_PCD_Init	8	static
../Core/Src/main.c:366:13:MX_GPIO_Init	48	static
../Core/Src/main.c:445:6:Error_Handler	4	static,ignoring_inline_asm
